// Jest Snapshot v1, https://goo.gl/fbAQLP

exports[`expect to render CounterButton component 1`] = `
<button
  color="#0ccac4"
  id="counter"
  onClick={[Function]}
  style={
    Object {
      "backgroundColor": "#0ccac4",
      "color": "#fff",
      "margin": "0 0 .5rem",
      "padding": "1rem 2rem",
    }
  }
>
  Count: 
  0
</button>
`;
